
> collaborative-movie-watchlist@0.0.0 dev
> vite


  VITE v6.4.1  ready in 327 ms

  ➜  Local:   http://localhost:3000/
  ➜  Network: http://192.168.0.2:3000/
12:51:50 AM [vite] .env changed, restarting server...
12:51:50 AM [vite] server restarted.
12:51:58 AM [vite] .env changed, restarting server...
12:51:58 AM [vite] server restarted.
12:51:59 AM [vite] .env changed, restarting server...
12:52:00 AM [vite] server restarted.
12:52:10 AM [vite] .env changed, restarting server...
12:52:10 AM [vite] server restarted.
12:52:11 AM [vite] .env changed, restarting server...
12:52:11 AM [vite] server restarted.
12:52:27 AM [vite] .env changed, restarting server...
12:52:28 AM [vite] server restarted.
12:52:29 AM [vite] .env changed, restarting server...
12:52:29 AM [vite] server restarted.
12:52:35 AM [vite] .env changed, restarting server...
12:52:35 AM [vite] server restarted.
12:52:36 AM [vite] .env changed, restarting server...
12:52:36 AM [vite] server restarted.
12:52:47 AM [vite] .env changed, restarting server...
12:52:47 AM [vite] server restarted.
12:52:48 AM [vite] .env changed, restarting server...
12:52:48 AM [vite] server restarted.
12:52:55 AM [vite] .env changed, restarting server...
12:52:55 AM [vite] server restarted.
12:53:00 AM [vite] (client) hmr update /components/Watchlist.tsx
12:53:00 AM [vite] (client) hmr update /components/Watchlist.tsx
12:53:00 AM [vite] .env changed, restarting server...
12:53:00 AM [vite] (client) hmr update /components/MovieSearch.tsx
12:53:00 AM [vite] (client) page reload services/tmdb.ts
12:53:00 AM [vite] server restarted.
12:53:13 AM [vite] .env changed, restarting server...
12:53:13 AM [vite] server restarted.
12:53:14 AM [vite] .env changed, restarting server...
12:53:14 AM [vite] server restarted.
12:53:20 AM [vite] .env changed, restarting server...
12:53:20 AM [vite] server restarted.
12:53:21 AM [vite] .env changed, restarting server...
12:53:21 AM [vite] server restarted.
12:53:31 AM [vite] .env changed, restarting server...
12:53:31 AM [vite] server restarted.
12:53:32 AM [vite] .env changed, restarting server...
12:53:32 AM [vite] server restarted.
12:53:39 AM [vite] .env changed, restarting server...
12:53:39 AM [vite] server restarted.
12:53:48 AM [vite] (client) hmr update /components/Watchlist.tsx
12:53:48 AM [vite] (client) hmr update /components/Watchlist.tsx
12:53:48 AM [vite] .env changed, restarting server...
12:53:48 AM [vite] (client) hmr update /components/MovieSearch.tsx
12:53:48 AM [vite] (client) page reload services/tmdb.ts
12:53:48 AM [vite] server restarted.
12:54:19 AM [vite] .env changed, restarting server...
12:54:19 AM [vite] server restarted.
12:54:21 AM [vite] .env changed, restarting server...
12:54:21 AM [vite] server restarted.
12:54:31 AM [vite] .env changed, restarting server...
12:54:31 AM [vite] server restarted.
12:54:32 AM [vite] .env changed, restarting server...
12:54:32 AM [vite] server restarted.
12:54:39 AM [vite] .env changed, restarting server...
12:54:39 AM [vite] server restarted.
12:54:49 AM [vite] (client) hmr update /components/Watchlist.tsx
12:54:49 AM [vite] (client) hmr update /components/Watchlist.tsx
12:54:49 AM [vite] .env changed, restarting server...
12:54:49 AM [vite] (client) hmr update /components/MovieSearch.tsx
12:54:49 AM [vite] (client) page reload services/tmdb.ts
12:54:49 AM [vite] server restarted.
12:55:02 AM [vite] .env changed, restarting server...
12:55:02 AM [vite] server restarted.
12:55:04 AM [vite] .env changed, restarting server...
12:55:04 AM [vite] server restarted.
12:55:12 AM [vite] .env changed, restarting server...
12:55:12 AM [vite] server restarted.
12:55:13 AM [vite] .env changed, restarting server...
12:55:13 AM [vite] server restarted.
12:55:23 AM [vite] .env changed, restarting server...
12:55:23 AM [vite] server restarted.
12:55:24 AM [vite] .env changed, restarting server...
12:55:24 AM [vite] server restarted.
12:55:33 AM [vite] .env changed, restarting server...
12:55:33 AM [vite] server restarted.
12:55:42 AM [vite] (client) hmr update /components/Watchlist.tsx
12:55:42 AM [vite] (client) hmr update /components/Watchlist.tsx
12:55:42 AM [vite] .env changed, restarting server...
12:55:42 AM [vite] (client) hmr update /components/MovieSearch.tsx
12:55:42 AM [vite] (client) page reload services/tmdb.ts
12:55:42 AM [vite] server restarted.
12:56:08 AM [vite] .env changed, restarting server...
12:56:08 AM [vite] server restarted.
12:56:09 AM [vite] .env changed, restarting server...
12:56:09 AM [vite] server restarted.
12:56:17 AM [vite] .env changed, restarting server...
12:56:17 AM [vite] server restarted.
12:56:21 AM [vite] (client) hmr update /components/Watchlist.tsx
12:56:21 AM [vite] (client) hmr update /components/Watchlist.tsx
12:56:21 AM [vite] .env changed, restarting server...
12:56:21 AM [vite] (client) hmr update /components/MovieSearch.tsx
12:56:21 AM [vite] (client) page reload services/tmdb.ts
12:56:21 AM [vite] server restarted.
12:56:39 AM [vite] .env changed, restarting server...
12:56:39 AM [vite] server restarted.
12:56:40 AM [vite] .env changed, restarting server...
12:56:40 AM [vite] server restarted.
12:56:57 AM [vite] .env changed, restarting server...
12:56:57 AM [vite] server restarted.
12:56:58 AM [vite] .env changed, restarting server...
12:56:58 AM [vite] server restarted.
12:57:09 AM [vite] .env changed, restarting server...
12:57:09 AM [vite] server restarted.
12:57:10 AM [vite] .env changed, restarting server...
12:57:10 AM [vite] server restarted.
12:57:18 AM [vite] .env changed, restarting server...
12:57:18 AM [vite] server restarted.
12:57:22 AM [vite] (client) hmr update /components/Watchlist.tsx
12:57:22 AM [vite] (client) hmr update /components/Watchlist.tsx
12:57:22 AM [vite] .env changed, restarting server...
12:57:22 AM [vite] (client) hmr update /components/MovieSearch.tsx
12:57:22 AM [vite] (client) page reload services/tmdb.ts
12:57:22 AM [vite] server restarted.
12:57:35 AM [vite] .env changed, restarting server...
12:57:35 AM [vite] server restarted.
12:57:36 AM [vite] .env changed, restarting server...
12:57:36 AM [vite] server restarted.
12:57:46 AM [vite] .env changed, restarting server...
12:57:46 AM [vite] server restarted.
12:57:47 AM [vite] .env changed, restarting server...
12:57:47 AM [vite] server restarted.
12:59:01 AM [vite] .env changed, restarting server...
12:59:01 AM [vite] server restarted.
